{
  "created": null,
  "updated": "2017-06-13T22:21:32Z",
  "name": "DJVG",
  "organization": null,
  "locations": [
    {
      "updated": "2017-06-13T22:21:32Z",
      "country": "US",
      "city": "Mountain View",
      "postal_code": "94043",
      "address": "Postbus 8160\n1180LD Amstelveen\nthe Netherlands",
      "geo": {
        "latitude": 37.4224764,
        "longitude": -122.0842499
      },
      "floor": "4",
      "suite": "Suite 200"
    }
  ],
  "contacts": [
    {
      "created": null,
      "updated": "2017-06-13T22:21:32Z",
      "name": "Daan van Gorkum",
      "roles": [],
      "phone": "+31 20 308 0063",
      "email": "daan.vangorkum@vusam.com"
    }
  ],
  "sources": [
    {
      "created": "2014-11-17T14:28:43-05:00",
      "updated": "2018-10-24T22:58:16-04:00",
      "handle": "AS63311",
      "urls": [
        "https://rdap.org/autnum/63311",
        "https://rdap.org/autnum/63311"
      ],
      "description": null
    },
    {
      "created": "2003-06-23T14:40:34Z",
      "updated": "2023-11-27T23:02:44Z",
      "handle": "AS8283",
      "urls": [
        "https://rdap.org/autnum/8283",
        "https://rdap.org/autnum/8283"
      ],
      "description": null
    },
    {
      "created": null,
      "updated": "2017-09-21T23:55:48Z",
      "handle": "CLUE1-RIPE",
      "urls": [
        "https://rdap.org/entity/CLUE1-RIPE",
        "https://rdap.org/entity/CLUE1-RIPE"
      ],
      "description": null
    },
    {
      "created": null,
      "updated": "2017-06-13T22:21:32Z",
      "handle": "DJVG",
      "urls": [
        "https://rdap.org/entity/DJVG",
        "https://rdap.org/entity/DJVG"
      ],
      "description": null
    }
  ]
}